// Jest Snapshot v1, https://goo.gl/fbAQLP

exports[`basic rendering case snapshot 1`] = `
<pre>
  <div
    class="yozora-code-highlighter prism-code language-typescript"
    style="color:#d4d4d4;background-color:none;line-height:1.6rem;max-height:3.2rem;min-height:100%"
  >
    <div
      class="yozora-code-highlighter__linenos"
      style="width:2.2em"
    >
      <div
        class="yozora-code-highlighter__line"
      >
        <span>
          1
        </span>
      </div>
    </div>
    <div
      class="yozora-code-highlighter__codes"
    >
      <div
        class="yozora-code-highlighter__codes-wrapper"
      >
        <div
          class="yozora-code-highlighter__line token-line"
          style="color:#d4d4d4"
        >
          <span
            class="token keyword"
            style="color:rgb(86, 156, 214)"
          >
            let
          </span>
          <span
            class="token plain"
          >
             a
          </span>
          <span
            class="token operator"
            style="color:rgb(212, 212, 212)"
          >
            :
          </span>
          <span
            class="token plain"
          >
             
          </span>
          <span
            class="token builtin"
            style="color:rgb(79, 193, 255)"
          >
            number
          </span>
          <span
            class="token plain"
          >
             
          </span>
          <span
            class="token operator"
            style="color:rgb(212, 212, 212)"
          >
            =
          </span>
          <span
            class="token plain"
          >
             
          </span>
          <span
            class="token number"
            style="color:rgb(181, 206, 168)"
          >
            1
          </span>
          <span
            class="token plain"
          >
             
          </span>
          <span
            class="token operator"
            style="color:rgb(212, 212, 212)"
          >
            +
          </span>
          <span
            class="token plain"
          >
             
          </span>
          <span
            class="token number"
            style="color:rgb(181, 206, 168)"
          >
            2
          </span>
          <span
            class="token punctuation"
            style="color:rgb(106, 153, 85)"
          >
            ;
          </span>
        </div>
      </div>
    </div>
  </div>
</pre>
`;
