// Jest Snapshot v1, https://goo.gl/fbAQLP

exports[`snapshot basic 1`] = `
<a
  class="yozora-link"
  href="https://github.com/guanghechen"
  rel="noopener,noreferrer"
  style="color:orange;font-size:16px"
  target="_blank"
  title="home"
>
  Some link text
  <span>
    Some link text2
  </span>
</a>
`;
