// Jest Snapshot v1, https://goo.gl/fbAQLP

exports[`snapshot basic 1`] = `
<div
  class="yozora-code-embed"
/>
`;
